<?php return array (
  0 => 'Symfony\\Bundle\\FrameworkBundle\\Controller\\AbstractController',
  1 => 'App\\Controller\\Admin\\AdminController',
  2 => 'App\\Controller\\Admin\\UserController',
  3 => 'App\\Controller\\Api\\LocationCityController',
  4 => 'App\\Controller\\Api\\LocationCountryController',
  5 => 'App\\Controller\\Api\\LocationStateController',
  6 => 'App\\Controller\\SecurityController',
  7 => 'App\\Entity\\AccountVerification',
  8 => 'App\\Entity\\AclAction',
  9 => 'App\\Entity\\AclController',
  10 => 'App\\Entity\\AclPermission',
  11 => 'App\\Entity\\AclUserGroup',
  12 => 'App\\Entity\\Language',
  13 => 'App\\Entity\\LocationCity',
  14 => 'App\\Entity\\LocationCountry',
  15 => 'App\\Entity\\LocationNeighborhood',
  16 => 'App\\Entity\\LocationState',
  17 => 'App\\Entity\\ResetUserPassword',
  18 => 'App\\Entity\\Translation',
  19 => 'App\\Entity\\User',
  20 => 'App\\Entity\\UserLanguage',
  21 => 'App\\Entity\\UserType',
  22 => 'Doctrine\\Bundle\\DoctrineBundle\\Controller\\ProfilerController',
  23 => 'Doctrine\\ORM\\Cache\\Persister\\Entity\\AbstractEntityPersister',
  24 => 'Doctrine\\ORM\\Cache\\Persister\\Entity\\CachedEntityPersister',
  25 => 'Doctrine\\ORM\\Cache\\Persister\\Entity\\NonStrictReadWriteCachedEntityPersister',
  26 => 'Doctrine\\ORM\\Cache\\Persister\\Entity\\ReadOnlyCachedEntityPersister',
  27 => 'Doctrine\\ORM\\Cache\\Persister\\Entity\\ReadWriteCachedEntityPersister',
  28 => 'Doctrine\\ORM\\Persisters\\Entity\\AbstractEntityInheritancePersister',
  29 => 'Doctrine\\ORM\\Persisters\\Entity\\BasicEntityPersister',
  30 => 'Doctrine\\ORM\\Persisters\\Entity\\CachedPersisterContext',
  31 => 'Doctrine\\ORM\\Persisters\\Entity\\EntityPersister',
  32 => 'Doctrine\\ORM\\Persisters\\Entity\\JoinedSubclassPersister',
  33 => 'Doctrine\\ORM\\Persisters\\Entity\\SingleTablePersister',
  34 => 'Gedmo\\Loggable\\Entity\\LogEntry',
  35 => 'Gedmo\\Loggable\\Entity\\MappedSuperclass\\AbstractLogEntry',
  36 => 'Gedmo\\Loggable\\Entity\\Repository\\LogEntryRepository',
  37 => 'Gedmo\\Sortable\\Entity\\Repository\\SortableRepository',
  38 => 'Gedmo\\Translatable\\Entity\\MappedSuperclass\\AbstractPersonalTranslation',
  39 => 'Gedmo\\Translatable\\Entity\\MappedSuperclass\\AbstractTranslation',
  40 => 'Gedmo\\Translatable\\Entity\\Repository\\TranslationRepository',
  41 => 'Gedmo\\Translatable\\Entity\\Translation',
  42 => 'Gedmo\\Translator\\Entity\\Translation',
  43 => 'Gedmo\\Tree\\Entity\\MappedSuperclass\\AbstractClosure',
  44 => 'Gedmo\\Tree\\Entity\\Repository\\AbstractTreeRepository',
  45 => 'Gedmo\\Tree\\Entity\\Repository\\ClosureTreeRepository',
  46 => 'Gedmo\\Tree\\Entity\\Repository\\MaterializedPathRepository',
  47 => 'Gedmo\\Tree\\Entity\\Repository\\NestedTreeRepository',
  48 => 'Liip\\ImagineBundle\\Config\\Controller\\ControllerConfig',
  49 => 'Liip\\ImagineBundle\\Controller\\ImagineController',
  51 => 'Symfony\\Bundle\\FrameworkBundle\\Controller\\ControllerResolver',
  52 => 'Symfony\\Bundle\\FrameworkBundle\\Controller\\RedirectController',
  53 => 'Symfony\\Bundle\\FrameworkBundle\\Controller\\TemplateController',
  54 => 'Symfony\\Bundle\\WebProfilerBundle\\Controller\\ExceptionPanelController',
  55 => 'Symfony\\Bundle\\WebProfilerBundle\\Controller\\ProfilerController',
  56 => 'Symfony\\Bundle\\WebProfilerBundle\\Controller\\RouterController',
  57 => 'Symfony\\Component\\HttpKernel\\Controller\\ArgumentResolver',
  58 => 'Symfony\\Component\\HttpKernel\\Controller\\ArgumentResolverInterface',
  59 => 'Symfony\\Component\\HttpKernel\\Controller\\ArgumentResolver\\BackedEnumValueResolver',
  60 => 'Symfony\\Component\\HttpKernel\\Controller\\ArgumentResolver\\DateTimeValueResolver',
  61 => 'Symfony\\Component\\HttpKernel\\Controller\\ArgumentResolver\\DefaultValueResolver',
  62 => 'Symfony\\Component\\HttpKernel\\Controller\\ArgumentResolver\\NotTaggedControllerValueResolver',
  63 => 'Symfony\\Component\\HttpKernel\\Controller\\ArgumentResolver\\RequestAttributeValueResolver',
  64 => 'Symfony\\Component\\HttpKernel\\Controller\\ArgumentResolver\\RequestValueResolver',
  65 => 'Symfony\\Component\\HttpKernel\\Controller\\ArgumentResolver\\ServiceValueResolver',
  66 => 'Symfony\\Component\\HttpKernel\\Controller\\ArgumentResolver\\SessionValueResolver',
  67 => 'Symfony\\Component\\HttpKernel\\Controller\\ArgumentResolver\\TraceableValueResolver',
  68 => 'Symfony\\Component\\HttpKernel\\Controller\\ArgumentResolver\\UidValueResolver',
  69 => 'Symfony\\Component\\HttpKernel\\Controller\\ArgumentResolver\\VariadicValueResolver',
  70 => 'Symfony\\Component\\HttpKernel\\Controller\\ArgumentValueResolverInterface',
  71 => 'Symfony\\Component\\HttpKernel\\Controller\\ContainerControllerResolver',
  72 => 'Symfony\\Component\\HttpKernel\\Controller\\ControllerReference',
  73 => 'Symfony\\Component\\HttpKernel\\Controller\\ControllerResolver',
  74 => 'Symfony\\Component\\HttpKernel\\Controller\\ControllerResolverInterface',
  75 => 'Symfony\\Component\\HttpKernel\\Controller\\ErrorController',
  76 => 'Symfony\\Component\\HttpKernel\\Controller\\TraceableArgumentResolver',
  77 => 'Symfony\\Component\\HttpKernel\\Controller\\TraceableControllerResolver',
  78 => 'Symfony\\Component\\Security\\Http\\Controller\\UserValueResolver',
);